[H[2J[3J[H[2J[3J[H[2J[3J[H[2J[3J[H[2J[3J[H[2J[3J[H[2J[3J[H[2J[3J[H[2J[3J[H[2J[3J[H[2J[3J[H[2J[3J[H[2J[3J[H[2J[3J[H[2J[3J[H[2J[3J[H[2J[3J[H[2J[3J[H[2J[3J[H[2J[3J[H[2J[3J[H[2J[3J[H[2J[3J[H[2J[3J[H[2J[3J[H[2J[3J[H[2J[3J[H[2J[3J[H[2J[3J[H[2J[3J[H[2J[3J[H[2J[3J[H[2J[3J[H[2J[3J[H[2J[3J[H[2J[3J[H[2J[3J[H[2J[3J[H[2J[3J[H[2J[3J[H[2J[3J[H[2J[3J[H[2J[3J[H[2J[3J[H[2J[3J[H[2J[3J[H[2J[3J[H[2J[3J[H[2J[3J[H[2J[3J[H[2J[3J[H[2J[3J[H[2J[3J[H[2J[3J[H[2J[3J[H[2J[3J[H[2J[3J[H[2J[3J[H[2J[3J[H[2J[3J[H[2J[3J[H[2J[3J[H[2J[3J[H[2J[3J[H[2J[3J[H[2J[3J[H[2J[3J[H[2J[3J[H[2J[3J[H[2J[3J[H[2J[3J[H[2J[3J[H[2J[3J[H[2J[3J[H[2J[3J[H[2J[3J[H[2J[3J[H[2J[3J[H[2J[3J[H[2J[3J[H[2J[3J[H[2J[3J[H[2J[3J[H[2J[3J[H[2J[3J[H[2J[3J[H[2J[3J[H[2J[3J[H[2J[3J[H[2J[3J[H[2J[3J[H[2J[3J[H[2J[3J[H[2J[3J[H[2J[3J[H[2J[3J[H[2J[3J[H[2J[3J[H[2J[3J[H[2J[3J[H[2J[3J[H[2J[3J[H[2J[3J[H[2J[3J[H[2J[3J[H[2J[3J[H[2J[3J[H[2J[3J[H[2J[3J[H[2J[3J[H[2J[3J[H[2J[3J[H[2J[3J[H[2J[3JButton:1
status:0

****  T=10 - 0 ****

{
"ax":" 0.119 ",
"ay":" -0.981 ",
"az":" -0.026 ",
"gx":" -0.671 ",
"gy":" 1.114 ",
"gz":" -0.862 ",
"mx":" 0 ",
"my":" 0 ",
"mz":" 0 ",
"Temp":" 37.923 "
}
Button:1
status:0

****  T=20 - 0 ****

{
"ax":" 0.119 ",
"ay":" -0.98 ",
"az":" -0.02 ",
"gx":" -0.71 ",
"gy":" 1.251 ",
"gz":" -0.694 ",
"mx":" 0 ",
"my":" 0 ",
"mz":" 0 ",
"Temp":" 38.004 "
}
Button:1
status:0

****  T=30 - 0 ****

{
"ax":" 0.12 ",
"ay":" -0.982 ",
"az":" -0.021 ",
"gx":" -0.687 ",
"gy":" 1.167 ",
"gz":" -0.793 ",
"mx":" 1.226 ",
"my":" 41.995 ",
"mz":" -47.225 ",
"Temp":" 37.92 "
}
Button:1
status:0

****  T=40 - 0 ****

{
"ax":" 0.119 ",
"ay":" -0.98 ",
"az":" -0.021 ",
"gx":" -0.71 ",
"gy":" 1.175 ",
"gz":" -0.71 ",
"mx":" 0 ",
"my":" 0 ",
"mz":" 0 ",
"Temp":" 37.911 "
}
Button:1
status:0

****  T=50 - 0 ****

{
"ax":" 0.119 ",
"ay":" -0.981 ",
"az":" -0.025 ",
"gx":" -0.71 ",
"gy":" 1.221 ",
"gz":" -0.763 ",
"mx":" 2.277 ",
"my":" 43.4 ",
"mz":" -47.903 ",
"Temp":" 37.917 "
}
Button:1
status:0

****  T=60 - 0 ****

{
"ax":" 0.121 ",
"ay":" -0.979 ",
"az":" -0.02 ",
"gx":" -0.717 ",
"gy":" 1.106 ",
"gz":" -0.793 ",
"mx":" 2.627 ",
"my":" 42.346 ",
"mz":" -47.225 ",
"Temp":" 37.926 "
}
Button:1
status:0

****  T=70 - 0 ****

{
"ax":" 0.12 ",
"ay":" -0.98 ",
"az":" -0.02 ",
"gx":" -0.626 ",
"gy":" 1.114 ",
"gz":" -0.816 ",
"mx":" 0 ",
"my":" 0 ",
"mz":" 0 ",
"Temp":" 37.986 "
}
Button:1
status:0

****  T=80 - 0 ****

{
"ax":" 0.12 ",
"ay":" -0.982 ",
"az":" -0.023 ",
"gx":" -0.641 ",
"gy":" 1.32 ",
"gz":" -0.801 ",
"mx":" 2.277 ",
"my":" 41.995 ",
"mz":" -47.903 ",
"Temp":" 38.007 "
}
Button:1
status:0

****  T=90 - 0 ****

{
"ax":" 0.121 ",
"ay":" -0.981 ",
"az":" -0.02 ",
"gx":" -0.694 ",
"gy":" 1.114 ",
"gz":" -0.725 ",
"mx":" 0 ",
"my":" 0 ",
"mz":" 0 ",
"Temp":" 37.926 "
}
Button:1
status:0

****  T=100 - 0 ****

{
"ax":" 0.117 ",
"ay":" -0.98 ",
"az":" -0.023 ",
"gx":" -0.687 ",
"gy":" 1.183 ",
"gz":" -0.87 ",
"mx":" 0 ",
"my":" 0 ",
"mz":" 0 ",
"Temp":" 37.947 "
}
Button:1
status:0

****  T=110 - 0 ****

{
"ax":" 0.121 ",
"ay":" -0.983 ",
"az":" -0.021 ",
"gx":" -0.664 ",
"gy":" 1.213 ",
"gz":" -0.832 ",
"mx":" 2.452 ",
"my":" 42.17 ",
"mz":" -47.395 ",
"Temp":" 37.953 "
}
Button:1
status:0

****  T=120 - 0 ****

{
"ax":" 0.12 ",
"ay":" -0.98 ",
"az":" -0.022 ",
"gx":" -0.656 ",
"gy":" 1.083 ",
"gz":" -0.832 ",
"mx":" 2.452 ",
"my":" 43.225 ",
"mz":" -46.379 ",
"Temp":" 37.932 "
}
Button:1
status:0

****  T=130 - 0 ****

{
"ax":" 0.122 ",
"ay":" -0.978 ",
"az":" -0.018 ",
"gx":" -0.687 ",
"gy":" 1.175 ",
"gz":" -0.793 ",
"mx":" 2.277 ",
"my":" 43.4 ",
"mz":" -46.887 ",
"Temp":" 37.947 "
}
Button:1
status:0

****  T=140 - 0 ****

{
"ax":" 0.12 ",
"ay":" -0.979 ",
"az":" -0.023 ",
"gx":" -0.755 ",
"gy":" 1.114 ",
"gz":" -0.694 ",
"mx":" 1.926 ",
"my":" 43.4 ",
"mz":" -47.903 ",
"Temp":" 37.959 "
}
Button:1
status:0

****  T=150 - 0 ****

{
"ax":" 0.119 ",
"ay":" -0.982 ",
"az":" -0.023 ",
"gx":" -0.641 ",
"gy":" 1.129 ",
"gz":" -0.755 ",
"mx":" 0 ",
"my":" 0 ",
"mz":" 0 ",
"Temp":" 37.944 "
}
Button:1
status:0

****  T=160 - 0 ****

{
"ax":" 0.119 ",
"ay":" -0.982 ",
"az":" -0.024 ",
"gx":" -0.664 ",
"gy":" 1.16 ",
"gz":" -0.809 ",
"mx":" 1.051 ",
"my":" 42.873 ",
"mz":" -47.733 ",
"Temp":" 37.965 "
}
Button:1
status:0

****  T=170 - 0 ****

{
"ax":" 0.118 ",
"ay":" -0.981 ",
"az":" -0.022 ",
"gx":" -0.626 ",
"gy":" 1.129 ",
"gz":" -0.793 ",
"mx":" 1.751 ",
"my":" 43.927 ",
"mz":" -47.733 ",
"Temp":" 37.977 "
}
Button:1
status:0

****  T=180 - 0 ****

{
"ax":" 0.118 ",
"ay":" -0.98 ",
"az":" -0.022 ",
"gx":" -0.725 ",
"gy":" 1.251 ",
"gz":" -0.763 ",
"mx":" 1.226 ",
"my":" 43.049 ",
"mz":" -46.887 ",
"Temp":" 37.959 "
}
Button:1
status:0

****  T=190 - 0 ****

{
"ax":" 0.12 ",
"ay":" -0.982 ",
"az":" -0.022 ",
"gx":" -0.648 ",
"gy":" 1.144 ",
"gz":" -0.702 ",
"mx":" 0 ",
"my":" 0 ",
"mz":" 0 ",
"Temp":" 37.962 "
}
Button:1
status:0

****  T=200 - 0 ****

{
"ax":" 0.119 ",
"ay":" -0.98 ",
"az":" -0.021 ",
"gx":" -0.778 ",
"gy":" 1.129 ",
"gz":" -0.771 ",
"mx":" 2.977 ",
"my":" 43.4 ",
"mz":" -47.903 ",
"Temp":" 37.986 "
}
Button:1
status:0

****  T=210 - 0 ****

{
"ax":" 0.121 ",
"ay":" -0.977 ",
"az":" -0.023 ",
"gx":" -0.679 ",
"gy":" 1.236 ",
"gz":" -0.71 ",
"mx":" 1.751 ",
"my":" 42.17 ",
"mz":" -47.056 ",
"Temp":" 37.977 "
}
Button:1
status:0

****  T=220 - 0 ****

{
"ax":" 0.12 ",
"ay":" -0.981 ",
"az":" -0.02 ",
"gx":" -0.694 ",
"gy":" 1.167 ",
"gz":" -0.801 ",
"mx":" 2.277 ",
"my":" 42.697 ",
"mz":" -47.564 ",
"Temp":" 37.962 "
}
Button:1
status:0

****  T=230 - 0 ****

{
"ax":" 0.12 ",
"ay":" -0.981 ",
"az":" -0.021 ",
"gx":" -0.61 ",
"gy":" 1.122 ",
"gz":" -0.793 ",
"mx":" 1.926 ",
"my":" 43.049 ",
"mz":" -47.564 ",
"Temp":" 37.971 "
}
Button:1
status:0

****  T=240 - 0 ****

{
"ax":" 0.118 ",
"ay":" -0.982 ",
"az":" -0.021 ",
"gx":" -0.671 ",
"gy":" 1.152 ",
"gz":" -0.809 ",
"mx":" 2.101 ",
"my":" 43.927 ",
"mz":" -46.718 ",
"Temp":" 37.98 "
}
Button:1
status:0

****  T=250 - 0 ****

{
"ax":" 0.118 ",
"ay":" -0.98 ",
"az":" -0.022 ",
"gx":" -0.679 ",
"gy":" 1.274 ",
"gz":" -0.771 ",
"mx":" 1.751 ",
"my":" 42.873 ",
"mz":" -47.056 ",
"Temp":" 38.04 "
}
Button:1
status:0

****  T=260 - 0 ****

{
"ax":" 0.118 ",
"ay":" -0.979 ",
"az":" -0.024 ",
"gx":" -0.71 ",
"gy":" 1.083 ",
"gz":" -0.877 ",
"mx":" 0.876 ",
"my":" 42.346 ",
"mz":" -46.548 ",
"Temp":" 37.983 "
}
Button:1
status:0

****  T=270 - 0 ****

{
"ax":" 0.119 ",
"ay":" -0.981 ",
"az":" -0.022 ",
"gx":" -0.641 ",
"gy":" 1.16 ",
"gz":" -0.832 ",
"mx":" 1.051 ",
"my":" 42.873 ",
"mz":" -47.056 ",
"Temp":" 37.995 "
}
Button:1
status:0

****  T=280 - 0 ****

{
"ax":" 0.122 ",
"ay":" -0.98 ",
"az":" -0.021 ",
"gx":" -0.679 ",
"gy":" 1.228 ",
"gz":" -0.694 ",
"mx":" 1.751 ",
"my":" 43.576 ",
"mz":" -47.056 ",
"Temp":" 37.986 "
}
Button:1
status:0

****  T=290 - 0 ****

{
"ax":" 0.12 ",
"ay":" -0.98 ",
"az":" -0.019 ",
"gx":" -0.679 ",
"gy":" 1.152 ",
"gz":" -0.801 ",
"mx":" 0.876 ",
"my":" 42.697 ",
"mz":" -46.548 ",
"Temp":" 38.037 "
}
Button:1
status:0

****  T=300 - 0 ****

{
"ax":" 0.119 ",
"ay":" -0.982 ",
"az":" -0.021 ",
"gx":" -0.648 ",
"gy":" 1.259 ",
"gz":" -0.839 ",
"mx":" 2.802 ",
"my":" 43.927 ",
"mz":" -45.702 ",
"Temp":" 37.986 "
}
Button:1
status:0

****  T=310 - 0 ****

{
"ax":" 0.121 ",
"ay":" -0.978 ",
"az":" -0.024 ",
"gx":" -0.664 ",
"gy":" 1.122 ",
"gz":" -0.824 ",
"mx":" 2.802 ",
"my":" 43.576 ",
"mz":" -47.056 ",
"Temp":" 37.986 "
}
Button:1
status:0

****  T=320 - 0 ****

{
"ax":" 0.12 ",
"ay":" -0.981 ",
"az":" -0.021 ",
"gx":" -0.748 ",
"gy":" 1.144 ",
"gz":" -0.771 ",
"mx":" 0.7 ",
"my":" 42.873 ",
"mz":" -47.733 ",
"Temp":" 38.016 "
}
Button:1
status:0

****  T=330 - 0 ****

{
"ax":" 0.122 ",
"ay":" -0.98 ",
"az":" -0.02 ",
"gx":" -0.626 ",
"gy":" 1.129 ",
"gz":" -0.74 ",
"mx":" 1.051 ",
"my":" 42.873 ",
"mz":" -47.733 ",
"Temp":" 37.992 "
}
Button:1
status:0

****  T=340 - 0 ****

{
"ax":" 0.12 ",
"ay":" -0.979 ",
"az":" -0.023 ",
"gx":" -0.74 ",
"gy":" 1.19 ",
"gz":" -0.74 ",
"mx":" 2.627 ",
"my":" 44.806 ",
"mz":" -47.225 ",
"Temp":" 38.04 "
}
Button:1
status:0

****  T=350 - 0 ****

{
"ax":" 0.12 ",
"ay":" -0.979 ",
"az":" -0.023 ",
"gx":" -0.626 ",
"gy":" 1.068 ",
"gz":" -0.778 ",
"mx":" 0 ",
"my":" 0 ",
"mz":" 0 ",
"Temp":" 38.013 "
}
Button:1
status:0

****  T=360 - 0 ****

{
"ax":" 0.12 ",
"ay":" -0.98 ",
"az":" -0.019 ",
"gx":" -0.694 ",
"gy":" 1.152 ",
"gz":" -0.74 ",
"mx":" 1.926 ",
"my":" 44.455 ",
"mz":" -46.548 ",
"Temp":" 38.001 "
}
Button:1
status:0

****  T=370 - 0 ****

{
"ax":" 0.12 ",
"ay":" -0.98 ",
"az":" -0.025 ",
"gx":" -0.71 ",
"gy":" 1.099 ",
"gz":" -0.839 ",
"mx":" 1.576 ",
"my":" 42.697 ",
"mz":" -47.225 ",
"Temp":" 38.01 "
}
Button:1
status:0

****  T=380 - 0 ****

{
"ax":" 0.119 ",
"ay":" -0.98 ",
"az":" -0.02 ",
"gx":" -0.671 ",
"gy":" 1.205 ",
"gz":" -0.748 ",
"mx":" 2.101 ",
"my":" 42.522 ",
"mz":" -48.41 ",
"Temp":" 38.064 "
}
Button:1
status:0

****  T=390 - 0 ****

{
"ax":" 0.121 ",
"ay":" -0.98 ",
"az":" -0.019 ",
"gx":" -0.732 ",
"gy":" 1.083 ",
"gz":" -0.824 ",
"mx":" 0.525 ",
"my":" 42.697 ",
"mz":" -46.887 ",
"Temp":" 38.019 "
}
Button:1
status:0

****  T=400 - 0 ****

{
"ax":" 0.12 ",
[H[2J[3J[H[2J[3J[H[2J[3J[H[2J[3J[H[2J[3J[H[2J[3J[H[2J[3J[H[2J[3J[H[2J[3J[H[2J[3J[H[2J[3J[H[2J[3J[H[2J[3J[H[2J[3J[H[2J[3J[H[2J[3J[H[2J[3J[H[2J[3J[H[2J[3J[H[2J[3J[H[2J[3J[H[2J[3J[H[2J[3J[H[2J[3J[H[2J[3J[H[2J[3J[H[2J[3J